
[ 2026-05-24 11:33:38,773 ] 107 dagshub - INFO - Initialized MLflow to track repo "CR4ZYM4D/AmazonPricePredictor"
[ 2026-05-24 11:33:38,773 ] 107 dagshub - INFO - Repository CR4ZYM4D/AmazonPricePredictor initialized!
[ 2026-05-24 11:33:38,797 ] 42 root - INFO - ----- Initializing Data Preprocessing Component -----
[ 2026-05-24 11:34:06,676 ] 278 root - INFO - Pre-Processing Dataframe stored in directory ./data.csv
[ 2026-05-24 11:34:06,676 ] 281 root - INFO - Creating Directory artifacts/_2026-05-24 11:33:34.043317/features/preprocessing
[ 2026-05-24 11:34:07,525 ] 287 root - INFO - Processed Dataframe and stored in directory artifacts/_2026-05-24 11:33:34.043317/features/preprocessing/preprocessed_data.csv
[ 2026-05-24 11:34:07,528 ] 36 root - INFO - ----- Initializing Data Validation Component -----
[ 2026-05-24 11:34:08,564 ] 51 root - INFO - Reading column_schema.yaml file
[ 2026-05-24 11:34:08,564 ] 32 root - INFO - Reading /AmazonPricePredictor/schema/column_schema.yaml file
[ 2026-05-24 11:34:08,565 ] 43 root - INFO - Successfully read the yaml file
[ 2026-05-24 11:34:08,565 ] 348 root - INFO - checking for column counts, mismatching data types and columns having NaN values
[ 2026-05-24 11:34:08,566 ] 245 root - INFO - Intializing drift analysis component
[ 2026-05-24 11:34:08,568 ] 178 root - INFO - Starting drift detection on numerical columns
[ 2026-05-24 11:34:08,593 ] 226 root - INFO - Completed numerical drift analysis
[ 2026-05-24 11:34:08,596 ] 119 root - INFO - Starting drift detection on categorical columns
[ 2026-05-24 11:34:08,633 ] 163 root - INFO - COmpleted categorical drift analysis
[ 2026-05-24 11:34:11,191 ] 330 root - INFO - Column validation completed no drift detected in high priority columns and little to no drift detected in lower priority columns
[ 2026-05-24 11:34:11,191 ] 358 root - INFO - Writing drift report to artifacts/_2026-05-24 11:33:34.043317/data_validation/reports/drift_report.yaml
[ 2026-05-24 11:34:11,191 ] 71 root - INFO - Creating file artifacts/_2026-05-24 11:33:34.043317/data_validation/reports/drift_report.yaml
[ 2026-05-24 11:34:11,192 ] 79 root - INFO - Successfully written data into file artifacts/_2026-05-24 11:33:34.043317/data_validation/reports/drift_report.yaml
[ 2026-05-24 11:34:11,193 ] 363 root - INFO - Data validation successful splitting data into train and test file paths and storing inside artifacts/_2026-05-24 11:33:34.043317/data_validation/valid_data
[ 2026-05-24 11:34:12,095 ] 37 root - INFO - ----- Initializing Data Transformation Component -----
[ 2026-05-24 11:34:12,095 ] 74 root - INFO - Reading CSV in location: artifacts/_2026-05-24 11:33:34.043317/data_validation/valid_data/train.csv
[ 2026-05-24 11:34:12,474 ] 74 root - INFO - Reading CSV in location: artifacts/_2026-05-24 11:33:34.043317/data_validation/valid_data/test.csv
[ 2026-05-24 11:34:12,578 ] 88 root - INFO - Intializing preprocessor object for column transformation
[ 2026-05-24 11:34:12,578 ] 162 root - INFO - Fitting and Transforming Input Train and Test Features
[ 2026-05-24 11:34:12,613 ] 134 root - INFO - Creating file artifacts/_2026-05-24 11:33:34.043317/data_transformation/transformed_data/train/train.csv
[ 2026-05-24 11:34:12,617 ] 142 root - INFO - Successfully written data into file artifacts/_2026-05-24 11:33:34.043317/data_transformation/transformed_data/train/train.csv
[ 2026-05-24 11:34:12,617 ] 134 root - INFO - Creating file artifacts/_2026-05-24 11:33:34.043317/data_transformation/transformed_data/test/test.csv
[ 2026-05-24 11:34:12,618 ] 142 root - INFO - Successfully written data into file artifacts/_2026-05-24 11:33:34.043317/data_transformation/transformed_data/test/test.csv
[ 2026-05-24 11:34:12,618 ] 198 root - INFO - Creating file artifacts/_2026-05-24 11:33:34.043317/data_transformation/transformation_object/transformation_object
[ 2026-05-24 11:34:12,619 ] 206 root - INFO - Successfully written data into file artifacts/_2026-05-24 11:33:34.043317/data_transformation/transformation_object/transformation_object
[ 2026-05-24 11:34:12,619 ] 198 root - INFO - Creating file ./final_model/preprocessor.pkl
[ 2026-05-24 11:34:12,620 ] 206 root - INFO - Successfully written data into file ./final_model/preprocessor.pkl
[ 2026-05-24 11:34:12,629 ] 37 root - INFO - ----- Initializing Model Trainer Object -----
[ 2026-05-24 11:34:12,629 ] 96 root - INFO - Reading artifacts/_2026-05-24 11:33:34.043317/data_transformation/transformed_data/train/train.csv file
[ 2026-05-24 11:34:12,630 ] 106 root - INFO - Successfully read the numpy array
[ 2026-05-24 11:34:12,630 ] 96 root - INFO - Reading artifacts/_2026-05-24 11:33:34.043317/data_transformation/transformed_data/test/test.csv file
[ 2026-05-24 11:34:12,630 ] 106 root - INFO - Successfully read the numpy array
